Processing viewe_s3_diag (platform: https://github.com/pioarduino/platform-espressif32/releases/download/55.03.39/platform-espressif32.zip; framework: arduino; board: BOARD_VIEWE_UEDX24320028E_WB_A_DIAG)
--------------------------------------------------------------------------------
Tool Manager: Installing https://github.com/pioarduino/esp_install/releases/download/v5.3.4/esp_install-v5.3.4.zip
Downloading...
Unpacking 0% 10% 20% 30% 40% 50% 60% 70% 80% 90% 100%
Tool Manager: tool-esp_install@5.3.4 has been installed!
Created pioarduino Python virtual environment using uv: D:\platformio_diag\penv
Tool Manager: Installing https://github.com/espressif/arduino-esp32/releases/download/3.3.9/esp32-core-3.3.9.tar.xz
Downloading...
Unpacking 0% 10% 20% 30% 40% 50% 60% 70% 80% 90% 100%
Tool Manager: framework-arduinoespressif32@3.3.9 has been installed!
Tool Manager: Installing https://github.com/espressif/arduino-esp32/releases/download/3.3.9/esp32-core-3.3.9-libs.tar.xz
Downloading...
Unpacking 0% 10% 20% 30% 40% 50% 60% 70% 80% 90% 100%
Tool Manager: framework-arduinoespressif32-libs@5.5.4+sha.735507283d has been installed!
Tool Manager: Installing https://github.com/pioarduino/registry/releases/download/0.0.1/xtensa-esp-elf-14.2.0_20260121.zip
Downloading...
Unpacking 0% 10% 20%
Tool Manager: toolchain-xtensa-esp-elf@14.2.0+20260121 has been installed!
Tool Manager: Installing https://github.com/pioarduino/registry/releases/download/0.0.1/xtensa-esp-gdb-17.1_20260402.zip
Downloading...
Unpacking 0% 10% 20%
Tool Manager: tool-xtensa-esp-elf-gdb@17.1.0+20260402 has been installed!
Tool Manager: Installing https://github.com/pioarduino/registry/releases/download/0.0.1/esptoolpy-v5.3.0.zip
Downloading...
Unpacking 0% 10% 20%
Tool Manager: tool-esptoolpy@5.3.0 has been installed!
Tool Manager: Installing https://github.com/pioarduino/registry/releases/download/0.0.1/contrib-piohome-3.4.4.tar.gz
Downloading...
Unpacking 0% 10% 20% 30% 40% 50% 60% 70% 80% 90% 100%
Tool Manager: contrib-piohome@3.4.4 has been installed!
Tool Manager: Installing https://github.com/pioarduino/registry/releases/download/0.0.1/openocd-v0.12.0-esp32-20260424.zip
Downloading...
Unpacking 0% 10% 20%
Tool Manager: tool-openocd-esp32@2.1200.20260424 has been installed!
Tool Manager: Installing https://github.com/pioarduino/registry/releases/download/0.0.1/esp-rom-elfs-20241011.zip
Downloading...
Unpacking 0% 10% 20% 30% 40% 50% 60% 70% 80% 90% 100%
Tool Manager: tool-esp-rom-elfs@2024.10.11 has been installed!
Tool Manager: Installing platformio/tool-scons @ ~4.40801.0
Downloading...
Unpacking 0% 10% 20% 30% 40% 50% 60% 70% 80% 90% 100%
Tool Manager: tool-scons@4.40801.0 has been installed!
Tool Manager: Installing file://D:\platformio_diag\tools\tool-esptoolpy
Tool Manager: tool-esptoolpy@5.3.0 has been installed!
Tool Manager: Installing file://D:\platformio_diag\tools\toolchain-xtensa-esp-elf
Tool Manager: toolchain-xtensa-esp-elf@14.2.0+20260121 has been installed!
Tool Manager: Installing file://D:\platformio_diag\tools\tool-xtensa-esp-elf-gdb
Tool Manager: tool-xtensa-esp-elf-gdb@17.1.0+20260402 has been installed!
Tool Manager: Installing file://D:\platformio_diag\tools\tool-openocd-esp32
Tool Manager: tool-openocd-esp32@2.1200.20260424 has been installed!
Tool Manager: Installing file://D:\platformio_diag\tools\tool-esp-rom-elfs
Tool Manager: tool-esp-rom-elfs@2024.10.11 has been installed!
Installed freertos-gdb into D:\platformio_diag\packages\tool-xtensa-esp-elf-gdb\share\gdb\python
Verbose mode can be enabled via `-v, --verbose` option
Installed esptool from tl-install path: D:\platformio_diag\packages\tool-esptoolpy
CONFIGURATION: https://docs.platformio.org/page/boards/espressif32/BOARD_VIEWE_UEDX24320028E_WB_A_DIAG.html
PLATFORM: Espressif 32 (55.3.39) > VIEWE UEDX24320028E-WB-A Diagnostics
HARDWARE: ESP32S3 240MHz, 320KB RAM, 16MB Flash
DEBUG: Current (cmsis-dap) External (cmsis-dap, esp-bridge, esp-builtin, esp-prog, esp-prog-2, iot-bus-jtag, jlink, minimodule, olimex-arm-usb-ocd, olimex-arm-usb-ocd-h, olimex-arm-usb-tiny-h, olimex-jtag-tiny, tumpa)
PACKAGES: 
 - contrib-piohome @ 3.4.4 
 - framework-arduinoespressif32 @ 3.3.9 
 - framework-arduinoespressif32-libs @ 5.5.4+sha.735507283d 
 - tool-esp-rom-elfs @ 2024.10.11 
 - tool-esptoolpy @ 5.3.0 
 - tool-openocd-esp32 @ 2.1200.20260424 (12.0) 
 - tool-xtensa-esp-elf-gdb @ 17.1.0+20260402 
 - toolchain-xtensa-esp-elf @ 14.2.0+20260121
LDF: Library Dependency Finder -> https://bit.ly/configure-pio-ldf
LDF Modes: Finder ~ chain, Compatibility ~ soft
Found 43 compatible libraries
Scanning dependencies...
Dependency Graph
|-- HTTPClient @ 3.3.9
|-- WiFi @ 3.3.9
Building in debug mode
Compiling .pio\build\viewe_s3_diag\lib969\Network\NetworkClient.cpp.o
Compiling .pio\build\viewe_s3_diag\lib969\Network\NetworkEvents.cpp.o
Compiling .pio\build\viewe_s3_diag\lib969\Network\NetworkInterface.cpp.o
Compiling .pio\build\viewe_s3_diag\lib969\Network\NetworkManager.cpp.o
Compiling .pio\build\viewe_s3_diag\lib969\Network\NetworkServer.cpp.o
Compiling .pio\build\viewe_s3_diag\lib969\Network\NetworkUdp.cpp.o
Compiling .pio\build\viewe_s3_diag\lib958\NetworkClientSecure\NetworkClientSecure.cpp.o
Compiling .pio\build\viewe_s3_diag\lib958\NetworkClientSecure\ssl_client.cpp.o
Compiling .pio\build\viewe_s3_diag\lib008\HTTPClient\HTTPClient.cpp.o
Compiling .pio\build\viewe_s3_diag\libc0c\WiFi\AP.cpp.o
Compiling .pio\build\viewe_s3_diag\libc0c\WiFi\STA.cpp.o
Compiling .pio\build\viewe_s3_diag\libc0c\WiFi\WiFi.cpp.o
Compiling .pio\build\viewe_s3_diag\libc0c\WiFi\WiFiAP.cpp.o
Compiling .pio\build\viewe_s3_diag\libc0c\WiFi\WiFiGeneric.cpp.o
Compiling .pio\build\viewe_s3_diag\libc0c\WiFi\WiFiMulti.cpp.o
Compiling .pio\build\viewe_s3_diag\libc0c\WiFi\WiFiSTA.cpp.o
Compiling .pio\build\viewe_s3_diag\libc0c\WiFi\WiFiScan.cpp.o
Compiling .pio\build\viewe_s3_diag\src\main.cpp.o
Building .pio\build\viewe_s3_diag\bootloader.bin
Generating partitions .pio\build\viewe_s3_diag\partitions.bin
Compiling .pio\build\viewe_s3_diag\FrameworkArduino\ColorFormat.c.o
esptool v5.3.0
Creating ESP32-S3 image...
Merged 2 ELF sections.
Successfully created ESP32-S3 image.
Compiling .pio\build\viewe_s3_diag\FrameworkArduino\Esp.cpp.o
Compiling .pio\build\viewe_s3_diag\FrameworkArduino\FirmwareMSC.cpp.o
Compiling .pio\build\viewe_s3_diag\FrameworkArduino\FunctionalInterrupt.cpp.o
Compiling .pio\build\viewe_s3_diag\FrameworkArduino\HEXBuilder.cpp.o
Compiling .pio\build\viewe_s3_diag\FrameworkArduino\HWCDC.cpp.o
Compiling .pio\build\viewe_s3_diag\FrameworkArduino\HardwareSerial.cpp.o
Compiling .pio\build\viewe_s3_diag\FrameworkArduino\HashBuilder.cpp.o
Compiling .pio\build\viewe_s3_diag\FrameworkArduino\IPAddress.cpp.o
Compiling .pio\build\viewe_s3_diag\FrameworkArduino\MD5Builder.cpp.o
Compiling .pio\build\viewe_s3_diag\FrameworkArduino\MacAddress.cpp.o
Compiling .pio\build\viewe_s3_diag\FrameworkArduino\Print.cpp.o
Compiling .pio\build\viewe_s3_diag\FrameworkArduino\Stream.cpp.o
Compiling .pio\build\viewe_s3_diag\FrameworkArduino\StreamString.cpp.o
Compiling .pio\build\viewe_s3_diag\FrameworkArduino\StringUtils.cpp.o
Compiling .pio\build\viewe_s3_diag\FrameworkArduino\Tone.cpp.o
Compiling .pio\build\viewe_s3_diag\FrameworkArduino\USB.cpp.o
Compiling .pio\build\viewe_s3_diag\FrameworkArduino\USBCDC.cpp.o
Compiling .pio\build\viewe_s3_diag\FrameworkArduino\USBMSC.cpp.o
Compiling .pio\build\viewe_s3_diag\FrameworkArduino\WMath.cpp.o
Compiling .pio\build\viewe_s3_diag\FrameworkArduino\WString.cpp.o
Compiling .pio\build\viewe_s3_diag\FrameworkArduino\base64.cpp.o
Compiling .pio\build\viewe_s3_diag\FrameworkArduino\cbuf.cpp.o
Compiling .pio\build\viewe_s3_diag\FrameworkArduino\chip-debug-report.cpp.o
Compiling .pio\build\viewe_s3_diag\FrameworkArduino\esp32-hal-adc.c.o
Compiling .pio\build\viewe_s3_diag\FrameworkArduino\esp32-hal-bt.c.o
Compiling .pio\build\viewe_s3_diag\FrameworkArduino\esp32-hal-cpu.c.o
Compiling .pio\build\viewe_s3_diag\FrameworkArduino\esp32-hal-dac.c.o
Compiling .pio\build\viewe_s3_diag\FrameworkArduino\esp32-hal-gpio.c.o
Compiling .pio\build\viewe_s3_diag\FrameworkArduino\esp32-hal-hosted.c.o
Compiling .pio\build\viewe_s3_diag\FrameworkArduino\esp32-hal-i2c-ng.c.o
Compiling .pio\build\viewe_s3_diag\FrameworkArduino\esp32-hal-i2c-slave.c.o
Compiling .pio\build\viewe_s3_diag\FrameworkArduino\esp32-hal-i2c.c.o
Compiling .pio\build\viewe_s3_diag\FrameworkArduino\esp32-hal-ldo.c.o
Compiling .pio\build\viewe_s3_diag\FrameworkArduino\esp32-hal-ledc.c.o
Compiling .pio\build\viewe_s3_diag\FrameworkArduino\esp32-hal-log-wrapper.c.o
Compiling .pio\build\viewe_s3_diag\FrameworkArduino\esp32-hal-matrix.c.o
Compiling .pio\build\viewe_s3_diag\FrameworkArduino\esp32-hal-misc.c.o
Compiling .pio\build\viewe_s3_diag\FrameworkArduino\esp32-hal-periman.c.o
Compiling .pio\build\viewe_s3_diag\FrameworkArduino\esp32-hal-psram.c.o
Compiling .pio\build\viewe_s3_diag\FrameworkArduino\esp32-hal-rgb-led.c.o
Compiling .pio\build\viewe_s3_diag\FrameworkArduino\esp32-hal-rmt.c.o
Compiling .pio\build\viewe_s3_diag\FrameworkArduino\esp32-hal-sigmadelta.c.o
Compiling .pio\build\viewe_s3_diag\FrameworkArduino\esp32-hal-spi.c.o
Compiling .pio\build\viewe_s3_diag\FrameworkArduino\esp32-hal-time.c.o
Compiling .pio\build\viewe_s3_diag\FrameworkArduino\esp32-hal-timer.c.o
Compiling .pio\build\viewe_s3_diag\FrameworkArduino\esp32-hal-tinyusb.c.o
Compiling .pio\build\viewe_s3_diag\FrameworkArduino\esp32-hal-touch-ng.c.o
Compiling .pio\build\viewe_s3_diag\FrameworkArduino\esp32-hal-touch.c.o
Compiling .pio\build\viewe_s3_diag\FrameworkArduino\esp32-hal-uart.c.o
Compiling .pio\build\viewe_s3_diag\FrameworkArduino\firmware_msc_fat.c.o
Compiling .pio\build\viewe_s3_diag\FrameworkArduino\freertos_stats.cpp.o
Compiling .pio\build\viewe_s3_diag\FrameworkArduino\idf_openthread_mpool_wrapper.c.o
Compiling .pio\build\viewe_s3_diag\FrameworkArduino\libb64\cdecode.c.o
Compiling .pio\build\viewe_s3_diag\FrameworkArduino\libb64\cencode.c.o
Compiling .pio\build\viewe_s3_diag\FrameworkArduino\main.cpp.o
Compiling .pio\build\viewe_s3_diag\FrameworkArduino\stdlib_noniso.c.o
Compiling .pio\build\viewe_s3_diag\FrameworkArduino\wiring_pulse.c.o
Compiling .pio\build\viewe_s3_diag\FrameworkArduino\wiring_shift.c.o
Archiving .pio\build\viewe_s3_diag\libFrameworkArduino.a
Indexing .pio\build\viewe_s3_diag\libFrameworkArduino.a
Linking .pio\build\viewe_s3_diag\firmware.elf
                            Memory Type Usage Summary                             
┌─────────────────────┬──────────────┬──────────┬────────────────┬───────────────┐
│ Memory Type/Section │ Used [bytes] │ Used [%] │ Remain [bytes] │ Total [bytes] │
├─────────────────────┼──────────────┼──────────┼────────────────┼───────────────┤
│ Flash Code          │       699140 │          │                │               │
│    .text            │       699140 │          │                │               │
│ Flash Data          │       171036 │          │                │               │
│    .rodata          │       170780 │          │                │               │
│    .appdesc         │          256 │          │                │               │
│ DIRAM               │       108559 │    31.76 │         233201 │        341760 │
│    .text            │        62375 │    18.25 │                │               │
│    .bss             │        23392 │     6.84 │                │               │
│    .data            │        22792 │     6.67 │                │               │
│ IRAM                │        16384 │    100.0 │              0 │         16384 │
│    .text            │        15356 │    93.73 │                │               │
│    .vectors         │         1028 │     6.27 │                │               │
└─────────────────────┴──────────────┴──────────┴────────────────┴───────────────┘
Total image size: 971727 bytes (.bin may be padded larger)
Note: The reported total sizes may be smaller than those in the technical reference manual due to reserved memory and application configuration. The total flash size available for the application is not included by default, as it cannot be reliably determined due to the presence of other data like the bootloader, partition table, and application partition size.
Retrieving maximum program size .pio\build\viewe_s3_diag\firmware.elf
Checking size .pio\build\viewe_s3_diag\firmware.elf
Advanced Memory Usage is available via "PlatformIO Home > Project Inspect"
RAM:   [=         ]  14.1% (used 46184 bytes from 327680 bytes)
Flash: [=         ]  14.8% (used 971471 bytes from 6553600 bytes)
Building .pio\build\viewe_s3_diag\firmware.bin
esptool v5.3.0
Creating ESP32-S3 image...
Merged 2 ELF sections.
Successfully created ESP32-S3 image.
Creating binary "firmware.factory.bin" with:
    Offset   | File
 -  0x0000   | bootloader.bin
 -  0x8000   | partitions.bin
 -  0xe000   | boot_app0.bin
 -  0x10000  | firmware.bin
Successfully created combined binary image.
======================== [SUCCESS] Took 767.25 seconds ========================
