Processing viewe_s3_diag (platform: https://github.com/pioarduino/platform-espressif32/releases/download/55.03.39/platform-espressif32.zip; framework: arduino; board: BOARD_VIEWE_UEDX24320028E_WB_A_DIAG)
--------------------------------------------------------------------------------
Verbose mode can be enabled via `-v, --verbose` option
CONFIGURATION: https://docs.platformio.org/page/boards/espressif32/BOARD_VIEWE_UEDX24320028E_WB_A_DIAG.html
PLATFORM: Espressif 32 (55.3.39) > VIEWE UEDX24320028E-WB-A Diagnostics
HARDWARE: ESP32S3 240MHz, 320KB RAM, 16MB Flash
DEBUG: Current (cmsis-dap) External (cmsis-dap, esp-bridge, esp-builtin, esp-prog, esp-prog-2, iot-bus-jtag, jlink, minimodule, olimex-arm-usb-ocd, olimex-arm-usb-ocd-h, olimex-arm-usb-tiny-h, olimex-jtag-tiny, tumpa)
PACKAGES: 
 - contrib-piohome @ 3.4.4 
 - framework-arduinoespressif32 @ 3.3.9 
 - framework-arduinoespressif32-libs @ 5.5.4+sha.735507283d 
 - tool-esp-rom-elfs @ 2024.10.11 
 - tool-esptoolpy @ 5.3.0 
 - tool-openocd-esp32 @ 2.1200.20260424 (12.0) 
 - tool-xtensa-esp-elf-gdb @ 17.1.0+20260402 
 - toolchain-xtensa-esp-elf @ 14.2.0+20260121
LDF: Library Dependency Finder -> https://bit.ly/configure-pio-ldf
LDF Modes: Finder ~ chain, Compatibility ~ soft
Found 43 compatible libraries
Scanning dependencies...
Dependency Graph
|-- HTTPClient @ 3.3.9
|-- WiFi @ 3.3.9
Building in debug mode
Retrieving maximum program size .pio\build\viewe_s3_diag\firmware.elf
Checking size .pio\build\viewe_s3_diag\firmware.elf
Advanced Memory Usage is available via "PlatformIO Home > Project Inspect"
RAM:   [=         ]  14.1% (used 46184 bytes from 327680 bytes)
Flash: [=         ]  14.8% (used 971471 bytes from 6553600 bytes)
Configuring upload protocol...
AVAILABLE: cmsis-dap, esp-bridge, esp-builtin, esp-prog, esp-prog-2, espota, esptool, iot-bus-jtag, jlink, minimodule, olimex-arm-usb-ocd, olimex-arm-usb-ocd-h, olimex-arm-usb-tiny-h, olimex-jtag-tiny, tumpa
CURRENT: upload_protocol = esptool
Looking for upload port...
Uploading .pio\build\viewe_s3_diag\firmware.bin
esptool v5.3.0
Serial port COM8:
Connecting...
Connected to ESP32-S3 on COM8:
Chip type:          ESP32-S3 (QFN56) (revision v0.2)
Features:           Wi-Fi, BT 5 (LE), Dual Core + LP Core, 240MHz, Embedded PSRAM 8MB (AP_3v3)
Crystal frequency:  40MHz
USB mode:           USB-Serial/JTAG
MAC:                94:a9:90:1a:5f:b8

Uploading stub flasher...
Running stub flasher...
Stub flasher running.
Changing baud rate to 921600...
Changed.

Configuring flash size...
Auto-detected flash size: 16MB

Writing 'D:\project\ai_music\esp32_diagnostics\.pio\build\viewe_s3_diag\bootloader.bin' at 0x00000000...
SHA digest in image updated.
Flash will be erased from 0x00000000 to 0x00004fff...
Compressed 19984 bytes to 13015...

Writing at 0x00000000 [░░░░░░░░░░░░░░░░░░░░░░░░░░░░░░]   0.0% 0/13015 bytes... 

Writing at 0x00004e10 [██████████████████████████████] 100.0% 13015/13015 bytes... 
Wrote 19984 bytes (13015 compressed) at 0x00000000 in 0.2 seconds (796.0 kbit/s).
Verifying written data...
Hash of data verified.

Writing 'D:\project\ai_music\esp32_diagnostics\.pio\build\viewe_s3_diag\partitions.bin' at 0x00008000...
Flash will be erased from 0x00008000 to 0x00008fff...
Compressed 3072 bytes to 146...

Writing at 0x00008000 [░░░░░░░░░░░░░░░░░░░░░░░░░░░░░░]   0.0% 0/146 bytes... 

Writing at 0x00008c00 [██████████████████████████████] 100.0% 146/146 bytes... 
Wrote 3072 bytes (146 compressed) at 0x00008000 in 0.0 seconds (945.2 kbit/s).
Verifying written data...
Hash of data verified.

Writing 'D:\platformio_diag\packages\framework-arduinoespressif32\tools\partitions\boot_app0.bin' at 0x0000e000...
Flash will be erased from 0x0000e000 to 0x0000ffff...
Compressed 8192 bytes to 47...

Writing at 0x0000e000 [░░░░░░░░░░░░░░░░░░░░░░░░░░░░░░]   0.0% 0/47 bytes... 

Writing at 0x00010000 [██████████████████████████████] 100.0% 47/47 bytes... 
Wrote 8192 bytes (47 compressed) at 0x0000e000 in 0.1 seconds (1205.6 kbit/s).
Verifying written data...
Hash of data verified.

Writing '.pio\build\viewe_s3_diag\firmware.bin' at 0x00010000...
Flash will be erased from 0x00010000 to 0x000fdfff...
Compressed 971872 bytes to 617776...

Writing at 0x00010000 [░░░░░░░░░░░░░░░░░░░░░░░░░░░░░░]   0.0% 0/617776 bytes... 

Writing at 0x0001ca57 [░░░░░░░░░░░░░░░░░░░░░░░░░░░░░░]   2.7% 16384/617776 bytes... 

Writing at 0x000288d5 [█░░░░░░░░░░░░░░░░░░░░░░░░░░░░░]   5.3% 32768/617776 bytes... 

Writing at 0x00030a1e [██░░░░░░░░░░░░░░░░░░░░░░░░░░░░]   8.0% 49152/617776 bytes... 

Writing at 0x0004099e [███░░░░░░░░░░░░░░░░░░░░░░░░░░░]  10.6% 65536/617776 bytes... 

Writing at 0x00046db4 [███░░░░░░░░░░░░░░░░░░░░░░░░░░░]  13.3% 81920/617776 bytes... 

Writing at 0x0004d130 [████░░░░░░░░░░░░░░░░░░░░░░░░░░]  15.9% 98304/617776 bytes... 

Writing at 0x000530b1 [█████░░░░░░░░░░░░░░░░░░░░░░░░░]  18.6% 114688/617776 bytes... 

Writing at 0x0005883e [██████░░░░░░░░░░░░░░░░░░░░░░░░]  21.2% 131072/617776 bytes... 

Writing at 0x0005e04b [███████░░░░░░░░░░░░░░░░░░░░░░░]  23.9% 147456/617776 bytes... 

Writing at 0x000634f2 [███████░░░░░░░░░░░░░░░░░░░░░░░]  26.5% 163840/617776 bytes... 

Writing at 0x000686bb [████████░░░░░░░░░░░░░░░░░░░░░░]  29.2% 180224/617776 bytes... 

Writing at 0x0006daa8 [█████████░░░░░░░░░░░░░░░░░░░░░]  31.8% 196608/617776 bytes... 

Writing at 0x00072ec3 [██████████░░░░░░░░░░░░░░░░░░░░]  34.5% 212992/617776 bytes... 

Writing at 0x0007855a [███████████░░░░░░░░░░░░░░░░░░░]  37.1% 229376/617776 bytes... 

Writing at 0x0007dae8 [███████████░░░░░░░░░░░░░░░░░░░]  39.8% 245760/617776 bytes... 

Writing at 0x00082d74 [████████████░░░░░░░░░░░░░░░░░░]  42.4% 262144/617776 bytes... 

Writing at 0x00087fc7 [█████████████░░░░░░░░░░░░░░░░░]  45.1% 278528/617776 bytes... 

Writing at 0x0008d797 [██████████████░░░░░░░░░░░░░░░░]  47.7% 294912/617776 bytes... 

Writing at 0x00092f12 [███████████████░░░░░░░░░░░░░░░]  50.4% 311296/617776 bytes... 

Writing at 0x0009831e [███████████████░░░░░░░░░░░░░░░]  53.0% 327680/617776 bytes... 

Writing at 0x0009d925 [████████████████░░░░░░░░░░░░░░]  55.7% 344064/617776 bytes... 

Writing at 0x000a2acb [█████████████████░░░░░░░░░░░░░]  58.3% 360448/617776 bytes... 

Writing at 0x000a7e1e [██████████████████░░░░░░░░░░░░]  61.0% 376832/617776 bytes... 

Writing at 0x000ad707 [███████████████████░░░░░░░░░░░]  63.7% 393216/617776 bytes... 

Writing at 0x000b2caa [███████████████████░░░░░░░░░░░]  66.3% 409600/617776 bytes... 

Writing at 0x000b819f [████████████████████░░░░░░░░░░]  69.0% 425984/617776 bytes... 

Writing at 0x000bd503 [█████████████████████░░░░░░░░░]  71.6% 442368/617776 bytes... 

Writing at 0x000c2b5e [██████████████████████░░░░░░░░]  74.3% 458752/617776 bytes... 

Writing at 0x000c8c6d [███████████████████████░░░░░░░]  76.9% 475136/617776 bytes... 

Writing at 0x000ce429 [███████████████████████░░░░░░░]  79.6% 491520/617776 bytes... 

Writing at 0x000d3e87 [████████████████████████░░░░░░]  82.2% 507904/617776 bytes... 

Writing at 0x000dcca8 [█████████████████████████░░░░░]  84.9% 524288/617776 bytes... 

Writing at 0x000e20c7 [██████████████████████████░░░░]  87.5% 540672/617776 bytes... 

Writing at 0x000e7585 [███████████████████████████░░░]  90.2% 557056/617776 bytes... 

Writing at 0x000ed1ff [███████████████████████████░░░]  92.8% 573440/617776 bytes... 

Writing at 0x000f3038 [████████████████████████████░░]  95.5% 589824/617776 bytes... 

Writing at 0x000f9142 [█████████████████████████████░]  98.1% 606208/617776 bytes... 

Writing at 0x000fd460 [██████████████████████████████] 100.0% 617776/617776 bytes... 
Wrote 971872 bytes (617776 compressed) at 0x00010000 in 5.4 seconds (1443.0 kbit/s).
Verifying written data...
Hash of data verified.

Hard resetting via RTS pin...
========================= [SUCCESS] Took 21.67 seconds =========================
